kotlin version: 2.4.20
error message: java.lang.RuntimeException: Exception while generating code for private final fun lambda__1288314228$lambda$0 ($this$item: androidx.compose.foundation.lazy.grid.LazyGridItemScope, $composer: androidx.compose.runtime.Composer?, $changed: kotlin.Int): kotlin.Unit? [companion] declared in io.bashpsk.emptylibs.screen.ComposableSingletons$DatastoreUIScreenKt:
FUN LOCAL_FUNCTION_FOR_LAMBDA name:lambda__1288314228$lambda$0 visibility:private modality:FINAL returnType:kotlin.Unit? [companion]
  VALUE_PARAMETER kind:Regular name:$this$item index:0 type:androidx.compose.foundation.lazy.grid.LazyGridItemScope
  VALUE_PARAMETER kind:Regular name:$composer index:1 type:androidx.compose.runtime.Composer? [assignable]
  VALUE_PARAMETER kind:Regular name:$changed index:2 type:kotlin.Int
  annotations:
    Composable
    ComposableTarget(applier = "androidx.compose.ui.UiComposable")
    FunctionKeyMeta(key = -1288314228, startOffset = 17080, endOffset = 17793)
  BLOCK_BODY
    CALL 'public final fun sourceInformation (composer: androidx.compose.runtime.Composer, sourceInformation: kotlin.String): kotlin.Unit [companion] declared in androidx.compose.runtime.ComposerKt' type=kotlin.Unit origin=null
      ARG composer: GET_VAR '$composer: androidx.compose.runtime.Composer? [assignable] declared in io.bashpsk.emptylibs.screen.ComposableSingletons$DatastoreUIScreenKt.lambda__1288314228$lambda$0' type=androidx.compose.runtime.Composer? origin=null
      ARG sourceInformation: CONST String type=kotlin.String value="C433@17099L680:DatastoreUIScreen.kt#65e99d"
    WHEN type=kotlin.Unit origin=IF
      BRANCH
        if: CALL 'public abstract fun shouldExecute (parametersChanged: kotlin.Boolean, flags: kotlin.Int): kotlin.Boolean declared in androidx.compose.runtime.Composer' type=kotlin.Boolean origin=null
          ARG <this>: GET_VAR '$composer: androidx.compose.runtime.Composer? [assignable] declared in io.bashpsk.emptylibs.screen.ComposableSingletons$DatastoreUIScreenKt.lambda__1288314228$lambda$0' type=androidx.compose.runtime.Composer? origin=null
          ARG parametersChanged: CALL 'public final fun not (): kotlin.Boolean [operator] declared in kotlin.Boolean' type=kotlin.Boolean origin=null
            ARG <this>: CALL 'public final fun EQEQ (arg0: kotlin.Any?, arg1: kotlin.Any?): kotlin.Boolean declared in kotlin.internal.ir' type=kotlin.Boolean origin=null
              ARG arg0: CALL 'public final fun and (other: kotlin.Int): kotlin.Int [infix] declared in kotlin.Int' type=kotlin.Int origin=null
                ARG <this>: GET_VAR '$changed: kotlin.Int declared in io.bashpsk.emptylibs.screen.ComposableSingletons$DatastoreUIScreenKt.lambda__1288314228$lambda$0' type=kotlin.Int origin=null
                ARG other: CONST Int type=kotlin.Int value=17
              ARG arg1: CONST Int type=kotlin.Int value=16
          ARG flags: CALL 'public final fun and (other: kotlin.Int): kotlin.Int [infix] declared in kotlin.Int' type=kotlin.Int origin=null
            ARG <this>: GET_VAR '$changed: kotlin.Int declared in io.bashpsk.emptylibs.screen.ComposableSingletons$DatastoreUIScreenKt.lambda__1288314228$lambda$0' type=kotlin.Int origin=null
            ARG other: CONST Int type=kotlin.Int value=1
        then: BLOCK type=kotlin.Unit origin=null
          WHEN type=kotlin.Unit origin=IF
            BRANCH
              if: CALL 'public final fun isTraceInProgress (): kotlin.Boolean [companion] declared in androidx.compose.runtime.ComposerKt' type=kotlin.Boolean origin=null
              then: CALL 'public final fun traceEventStart (key: kotlin.Int, dirty1: kotlin.Int, dirty2: kotlin.Int, info: kotlin.String): kotlin.Unit [companion] declared in androidx.compose.runtime.ComposerKt' type=kotlin.Unit origin=null
                ARG key: CONST Int type=kotlin.Int value=-1288314228
                ARG dirty1: GET_VAR '$changed: kotlin.Int declared in io.bashpsk.emptylibs.screen.ComposableSingletons$DatastoreUIScreenKt.lambda__1288314228$lambda$0' type=kotlin.Int origin=null
                ARG dirty2: CONST Int type=kotlin.Int value=-1
                ARG info: CONST String type=kotlin.String value="io.bashpsk.emptylibs.screen.ComposableSingletons$DatastoreUIScreenKt.lambda$-1288314228.<anonymous> (DatastoreUIScreen.kt:433)"
          CALL 'public final fun SliderPreference (modifier: androidx.compose.ui.Modifier?, datastore: androidx.datastore.core.DataStore<androidx.datastore.preferences.core.Preferences>?, key: androidx.datastore.preferences.core.Preferences.Key<kotlin.Float>, initialValue: kotlin.Float, title: kotlin.Function2<androidx.compose.runtime.Composer, kotlin.Int, kotlin.Unit>, summary: kotlin.Function3<@[ParameterName(name = "position")] kotlin.Float, androidx.compose.runtime.Composer, kotlin.Int, kotlin.Unit>?, leadingContent: kotlin.Function2<androidx.compose.runtime.Composer, kotlin.Int, kotlin.Unit>?, trailingContent: kotlin.Function3<@[ParameterName(name = "position")] kotlin.Float, androidx.compose.runtime.Composer, kotlin.Int, kotlin.Unit>?, colors: androidx.compose.material3.ListItemColors?, elevation: androidx.compose.material3.ListItemElevation?, valueRange: kotlin.ranges.ClosedFloatingPointRange<kotlin.Float>, steps: kotlin.Int, sliderColors: androidx.compose.material3.SliderColors?, $composer: androidx.compose.runtime.Composer?, $changed: kotlin.Int, $changed1: kotlin.Int, $default: kotlin.Int): kotlin.Unit [inline,companion] declared in io.bashpsk.emptylibs.datastoreui.preference.SliderPreferenceKt' type=kotlin.Unit origin=null
            ARG modifier: CALL 'public final fun fillMaxWidth$default (<this>: androidx.compose.ui.Modifier, fraction: kotlin.Float, $mask0: kotlin.Int, $handler: kotlin.Any?): androidx.compose.ui.Modifier [companion] declared in androidx.compose.foundation.layout.SizeKt' type=androidx.compose.ui.Modifier origin=DEFAULT_DISPATCH_CALL
              ARG <this>: GET_FIELD 'FIELD FIELD_FOR_OBJECT_INSTANCE name:Companion type:androidx.compose.ui.Modifier.Companion visibility:public [final,static] declared in androidx.compose.ui.Modifier' type=androidx.compose.ui.Modifier.Companion origin=null
              ARG fraction: COMPOSITE type=kotlin.Float origin=DEFAULT_VALUE
                CONST Float type=kotlin.Float value=0.0
              ARG $mask0: CONST Int type=kotlin.Int value=1
              ARG $handler: CONST Null type=kotlin.Any? value=null
            ARG datastore: CONST Null type=kotlin.Nothing? value=null
            ARG key: CALL 'public final fun floatPreferencesKey (name: kotlin.String): androidx.datastore.preferences.core.Preferences.Key<kotlin.Float> [companion] declared in androidx.datastore.preferences.core.PreferencesKeys' type=androidx.datastore.preferences.core.Preferences.Key<kotlin.Float> origin=null
              ARG name: CONST String type=kotlin.String value="SLIDER-PREFERENCE"
            ARG initialValue: CONST Float type=kotlin.Float value=0.0
            ARG title: BLOCK type=kotlin.Function2<androidx.compose.runtime.Composer, kotlin.Int, kotlin.Unit> origin=null
              COMPOSITE type=kotlin.Unit origin=null
                GET_FIELD 'FIELD FIELD_FOR_OBJECT_INSTANCE name:INSTANCE type:io.bashpsk.emptylibs.screen.ComposableSingletons$DatastoreUIScreenKt visibility:public [final,static] declared in io.bashpsk.emptylibs.screen.ComposableSingletons$DatastoreUIScreenKt' type=io.bashpsk.emptylibs.screen.ComposableSingletons$DatastoreUIScreenKt origin=null
                COMPOSITE type=kotlin.Unit origin=null
              GET_FIELD 'FIELD name:lambda$-47688705 type:kotlin.Function2<androidx.compose.runtime.Composer, kotlin.Int, kotlin.Unit> visibility:private [static] declared in io.bashpsk.emptylibs.screen.ComposableSingletons$DatastoreUIScreenKt' type=kotlin.Function2<androidx.compose.runtime.Composer, kotlin.Int, kotlin.Unit> origin=null
            ARG summary: CALL 'public final fun <jvm-indy> <T> (dynamicCall: T of kotlin.jvm.internal.<jvm-indy>, bootstrapMethodHandle: kotlin.Any, vararg bootstrapMethodArguments: kotlin.Any): T of kotlin.jvm.internal.<jvm-indy> declared in kotlin.jvm.internal' type=kotlin.Function3<kotlin.Float, androidx.compose.runtime.Composer, kotlin.Int, kotlin.Unit> origin=null
              TYPE_ARG T: kotlin.Function3<kotlin.Float, androidx.compose.runtime.Composer, kotlin.Int, kotlin.Unit>
              ARG dynamicCall: CALL 'public final fun invoke (): kotlin.Function3<kotlin.Float, androidx.compose.runtime.Composer, kotlin.Int, kotlin.Unit> declared in kotlin.jvm.internal.invokeDynamic' type=kotlin.Function3<kotlin.Float, androidx.compose.runtime.Composer, kotlin.Int, kotlin.Unit> origin=null
              ARG bootstrapMethodHandle: CALL 'public final fun <jvm-method-handle> (tag: kotlin.Int, owner: kotlin.String, name: kotlin.String, descriptor: kotlin.String, isInterface: kotlin.Boolean): kotlin.Any declared in kotlin.jvm.internal' type=kotlin.Any origin=null
                ARG tag: CONST Int type=kotlin.Int value=6
                ARG owner: CONST String type=kotlin.String value="java/lang/invoke/LambdaMetafactory"
                ARG name: CONST String type=kotlin.String value="metafactory"
                ARG descriptor: CONST String type=kotlin.String value="(Ljava/lang/invoke/MethodHandles$Lookup;Ljava/lang/String;Ljava/lang/invoke/MethodType;Ljava/lang/invoke/MethodType;Ljava/lang/invoke/MethodHandle;Ljava/lang/invoke/MethodType;)Ljava/lang/invoke/CallSite;"
                ARG isInterface: CONST Boolean type=kotlin.Boolean value=false
              ARG bootstrapMethodArguments: VARARG type=kotlin.Array<kotlin.Any> varargElementType=kotlin.Any
                CALL 'public final fun <jvm-original-method-type> (method: kotlin.Any): kotlin.Any declared in kotlin.jvm.internal' type=kotlin.Any origin=null
                  ARG method: RAW_FUNCTION_REFERENCE 'public abstract fun invoke (p1: P1 of kotlin.Function3, p2: P2 of kotlin.Function3, p3: P3 of kotlin.Function3): R of kotlin.Function3 [operator] declared in kotlin.Function3' type=kotlin.Any
                RAW_FUNCTION_REFERENCE 'private final fun lambda__1288314228$lambda$0$0 (it: kotlin.Float, $composer: androidx.compose.runtime.Composer?, $changed: kotlin.Int): kotlin.Unit? [companion] declared in io.bashpsk.emptylibs.screen.ComposableSingletons$DatastoreUIScreenKt' type=kotlin.Any
                CALL 'public final fun <jvm-original-method-type> (method: kotlin.Any): kotlin.Any declared in kotlin.jvm.internal' type=kotlin.Any origin=null
                  ARG method: RAW_FUNCTION_REFERENCE 'public abstract fun invoke (p1: kotlin.Float?, p2: androidx.compose.runtime.Composer, p3: kotlin.Int?): kotlin.Unit? [fake_override,operator] declared in kotlin.jvm.internal.invokeDynamic.<fake>' type=kotlin.Any
            ARG leadingContent: BLOCK type=kotlin.Function2<androidx.compose.runtime.Composer, kotlin.Int, kotlin.Unit> origin=null
              COMPOSITE type=kotlin.Unit origin=null
                GET_FIELD 'FIELD FIELD_FOR_OBJECT_INSTANCE name:INSTANCE type:io.bashpsk.emptylibs.screen.ComposableSingletons$DatastoreUIScreenKt visibility:public [final,static] declared in io.bashpsk.emptylibs.screen.ComposableSingletons$DatastoreUIScreenKt' type=io.bashpsk.emptylibs.screen.ComposableSingletons$DatastoreUIScreenKt origin=null
                COMPOSITE type=kotlin.Unit origin=null
              GET_FIELD 'FIELD name:lambda$219485117 type:kotlin.Function2<androidx.compose.runtime.Composer, kotlin.Int, kotlin.Unit> visibility:private [static] declared in io.bashpsk.emptylibs.screen.ComposableSingletons$DatastoreUIScreenKt' type=kotlin.Function2<androidx.compose.runtime.Composer, kotlin.Int, kotlin.Unit> origin=null
            ARG trailingContent: COMPOSITE type=kotlin.Nothing? origin=DEFAULT_VALUE
              CONST Null type=kotlin.Nothing? value=null
            ARG colors: COMPOSITE type=kotlin.Nothing? origin=DEFAULT_VALUE
              CONST Null type=kotlin.Nothing? value=null
            ARG elevation: COMPOSITE type=kotlin.Nothing? origin=DEFAULT_VALUE
              CONST Null type=kotlin.Nothing? value=null
            ARG valueRange: CALL 'public final fun rangeTo (<this>: kotlin.Float, that: kotlin.Float): kotlin.ranges.ClosedFloatingPointRange<kotlin.Float> [operator,companion] declared in kotlin.ranges.RangesKt' type=kotlin.ranges.ClosedFloatingPointRange<kotlin.Float> origin=RANGE
              ARG <this>: CONST Float type=kotlin.Float value=0.0
              ARG that: CONST Float type=kotlin.Float value=1.0
            ARG steps: COMPOSITE type=kotlin.Int origin=DEFAULT_VALUE
              CONST Int type=kotlin.Int value=0
            ARG sliderColors: COMPOSITE type=kotlin.Nothing? origin=DEFAULT_VALUE
              CONST Null type=kotlin.Nothing? value=null
            ARG $composer: GET_VAR '$composer: androidx.compose.runtime.Composer? [assignable] declared in io.bashpsk.emptylibs.screen.ComposableSingletons$DatastoreUIScreenKt.lambda__1288314228$lambda$0' type=androidx.compose.runtime.Composer? origin=null
            ARG $changed: CONST Int type=kotlin.Int value=1600566
            ARG $changed1: CONST Int type=kotlin.Int value=0
            ARG $default: CONST Int type=kotlin.Int value=7040
          WHEN type=kotlin.Unit origin=IF
            BRANCH
              if: CALL 'public final fun isTraceInProgress (): kotlin.Boolean [companion] declared in androidx.compose.runtime.ComposerKt' type=kotlin.Boolean origin=null
              then: CALL 'public final fun traceEventEnd (): kotlin.Unit [companion] declared in androidx.compose.runtime.ComposerKt' type=kotlin.Unit origin=null
      BRANCH
        if: CONST Boolean type=kotlin.Boolean value=true
        then: CALL 'public abstract fun skipToGroupEnd (): kotlin.Unit declared in androidx.compose.runtime.Composer' type=kotlin.Unit origin=null
          ARG <this>: GET_VAR '$composer: androidx.compose.runtime.Composer? [assignable] declared in io.bashpsk.emptylibs.screen.ComposableSingletons$DatastoreUIScreenKt.lambda__1288314228$lambda$0' type=androidx.compose.runtime.Composer? origin=null

	at org.jetbrains.kotlin.backend.jvm.codegen.FunctionCodegen.generate(FunctionCodegen.kt:58)
	at org.jetbrains.kotlin.backend.jvm.codegen.FunctionCodegen.generate$default(FunctionCodegen.kt:51)
	at org.jetbrains.kotlin.backend.jvm.codegen.ClassCodegen.generateMethodNode(ClassCodegen.kt:441)
	at org.jetbrains.kotlin.backend.jvm.codegen.ClassCodegen.generateMethod(ClassCodegen.kt:458)
	at org.jetbrains.kotlin.backend.jvm.codegen.ClassCodegen.generate(ClassCodegen.kt:168)
	at org.jetbrains.kotlin.backend.jvm.JvmIrCodegenFactory.generateFile(JvmIrCodegenFactory.kt:220)
	at org.jetbrains.kotlin.backend.jvm.JvmIrCodegenFactory.invokeCodegen(JvmIrCodegenFactory.kt:186)
	at org.jetbrains.kotlin.cli.pipeline.jvm.JvmBackendPipelinePhase.runCodegen(JvmBackendPipelinePhase.kt:161)
	at org.jetbrains.kotlin.cli.pipeline.jvm.JvmBackendPipelinePhase.executePhase(JvmBackendPipelinePhase.kt:108)
	at org.jetbrains.kotlin.cli.pipeline.jvm.JvmBackendPipelinePhase.executePhase(JvmBackendPipelinePhase.kt:39)
	at org.jetbrains.kotlin.cli.pipeline.PipelinePhase.phaseBody(PipelinePhase.kt:60)
	at org.jetbrains.kotlin.cli.pipeline.PipelinePhase.phaseBody(PipelinePhase.kt:50)
	at org.jetbrains.kotlin.config.phaser.NamedCompilerPhase.invoke(CompilerPhase.kt:102)
	at org.jetbrains.kotlin.backend.common.phaser.CompositePhase.invoke(PhaseBuilders.kt:22)
	at org.jetbrains.kotlin.config.phaser.CompilerPhaseKt.invokeToplevel(CompilerPhase.kt:53)
	at org.jetbrains.kotlin.cli.pipeline.AbstractCliPipeline.runPhasedPipeline(AbstractCliPipeline.kt:134)
	at org.jetbrains.kotlin.cli.pipeline.AbstractCliPipeline.executeAndReturnPipeLineArtifact(AbstractCliPipeline.kt:88)
	at org.jetbrains.kotlin.cli.pipeline.AbstractCliPipeline.executeAndReturnPipeLineArtifact$default(AbstractCliPipeline.kt:48)
	at org.jetbrains.kotlin.cli.pipeline.AbstractCliPipeline.execute(AbstractCliPipeline.kt:39)
	at org.jetbrains.kotlin.cli.jvm.K2JVMCompiler.doExecutePhased(K2JVMCompiler.kt:30)
	at org.jetbrains.kotlin.cli.jvm.K2JVMCompiler.doExecutePhased(K2JVMCompiler.kt:21)
	at org.jetbrains.kotlin.cli.common.CLICompiler.exec(CLICompiler.kt:146)
	at org.jetbrains.kotlin.incremental.IncrementalJvmCompilerRunnerBase.runCompiler(IncrementalJvmCompilerRunnerBase.kt:222)
	at org.jetbrains.kotlin.incremental.IncrementalJvmCompilerRunnerBase.runCompiler(IncrementalJvmCompilerRunnerBase.kt:53)
	at org.jetbrains.kotlin.incremental.IncrementalCompilerRunner.doCompile(IncrementalCompilerRunner.kt:610)
	at org.jetbrains.kotlin.incremental.IncrementalCompilerRunner.compileImpl(IncrementalCompilerRunner.kt:521)
	at org.jetbrains.kotlin.incremental.IncrementalCompilerRunner.compileNonIncrementally(IncrementalCompilerRunner.kt:366)
	at org.jetbrains.kotlin.incremental.IncrementalCompilerRunner.compile(IncrementalCompilerRunner.kt:169)
	at org.jetbrains.kotlin.daemon.CompileServiceImplBase.execIncrementalCompiler(CompileServiceImpl.kt:792)
	at org.jetbrains.kotlin.daemon.CompileServiceImplBase.access$execIncrementalCompiler(CompileServiceImpl.kt:101)
	at org.jetbrains.kotlin.daemon.CompileServiceImpl.compile(CompileServiceImpl.kt:2077)
	at java.base/jdk.internal.reflect.DirectMethodHandleAccessor.invoke(Unknown Source)
	at java.base/java.lang.reflect.Method.invoke(Unknown Source)
	at java.rmi/sun.rmi.server.UnicastServerRef.dispatch(Unknown Source)
	at java.rmi/sun.rmi.transport.Transport.serviceCall(Unknown Source)
	at java.rmi/sun.rmi.transport.tcp.TCPTransport.handleMessages(Unknown Source)
	at java.rmi/sun.rmi.transport.tcp.TCPTransport$ConnectionHandler.run0(Unknown Source)
	at java.rmi/sun.rmi.transport.tcp.TCPTransport$ConnectionHandler.run(Unknown Source)
	at java.base/java.util.concurrent.ThreadPoolExecutor.runWorker(Unknown Source)
	at java.base/java.util.concurrent.ThreadPoolExecutor$Worker.run(Unknown Source)
	at java.base/java.lang.Thread.run(Unknown Source)
Caused by: java.lang.AssertionError: Trying to inline an anonymous object which is not part of the public ABI: io.bashpsk.emptylibs.datastoreui.preference.SliderPreferenceKt$SliderPreference$3$sliderValueLabel$2$1
	at org.jetbrains.kotlin.codegen.inline.AnonymousObjectTransformer.doTransform(AnonymousObjectTransformer.kt:126)
	at org.jetbrains.kotlin.codegen.inline.MethodInliner$doInline$lambdaInliner$1.handleAnonymousObjectRegeneration(MethodInliner.kt:201)
	at org.jetbrains.kotlin.codegen.inline.MethodInliner$doInline$lambdaInliner$1.anew(MethodInliner.kt:241)
	at org.jetbrains.org.objectweb.asm.commons.InstructionAdapter.visitTypeInsn(InstructionAdapter.java:472)
	at org.jetbrains.org.objectweb.asm.tree.TypeInsnNode.accept(TypeInsnNode.java:77)
	at org.jetbrains.org.objectweb.asm.tree.InsnList.accept(InsnList.java:144)
	at org.jetbrains.org.objectweb.asm.tree.MethodNode.accept(MethodNode.java:749)
	at org.jetbrains.kotlin.codegen.inline.MethodInliner.doInline(MethodInliner.kt:439)
	at org.jetbrains.kotlin.codegen.inline.MethodInliner.doInline(MethodInliner.kt:101)
	at org.jetbrains.kotlin.codegen.inline.MethodInliner.doInline(MethodInliner.kt:75)
	at org.jetbrains.kotlin.codegen.inline.AnonymousObjectTransformer.inlineMethod(AnonymousObjectTransformer.kt:378)
	at org.jetbrains.kotlin.codegen.inline.AnonymousObjectTransformer.inlineMethodAndUpdateGlobalResult(AnonymousObjectTransformer.kt:325)
	at org.jetbrains.kotlin.codegen.inline.AnonymousObjectTransformer.doTransform(AnonymousObjectTransformer.kt:174)
	at org.jetbrains.kotlin.codegen.inline.MethodInliner$doInline$lambdaInliner$1.handleAnonymousObjectRegeneration(MethodInliner.kt:201)
	at org.jetbrains.kotlin.codegen.inline.MethodInliner$doInline$lambdaInliner$1.visitFieldInsn(MethodInliner.kt:428)
	at org.jetbrains.org.objectweb.asm.tree.FieldInsnNode.accept(FieldInsnNode.java:88)
	at org.jetbrains.org.objectweb.asm.tree.InsnList.accept(InsnList.java:144)
	at org.jetbrains.org.objectweb.asm.tree.MethodNode.accept(MethodNode.java:749)
	at org.jetbrains.kotlin.codegen.inline.MethodInliner.doInline(MethodInliner.kt:439)
	at org.jetbrains.kotlin.codegen.inline.MethodInliner.doInline(MethodInliner.kt:101)
	at org.jetbrains.kotlin.codegen.inline.MethodInliner.doInline(MethodInliner.kt:75)
	at org.jetbrains.kotlin.backend.jvm.codegen.IrInlineCodegen.inlineCall(IrInlineCodegen.kt:352)
	at org.jetbrains.kotlin.backend.jvm.codegen.IrInlineCodegen.genInlineCall(IrInlineCodegen.kt:71)
	at org.jetbrains.kotlin.backend.jvm.codegen.IrInlineCallGenerator.genCall(IrInlineCallGenerator.kt:36)
	at org.jetbrains.kotlin.backend.jvm.codegen.ExpressionCodegen.visitCall(ExpressionCodegen.kt:571)
	at org.jetbrains.kotlin.backend.jvm.codegen.ExpressionCodegen.visitCall(ExpressionCodegen.kt:131)
	at org.jetbrains.kotlin.ir.expressions.IrCall.accept(IrCall.kt:24)
	at org.jetbrains.kotlin.backend.jvm.codegen.ExpressionCodegen.visitStatementContainer(ExpressionCodegen.kt:484)
	at org.jetbrains.kotlin.backend.jvm.codegen.ExpressionCodegen.visitContainerExpression(ExpressionCodegen.kt:498)
	at org.jetbrains.kotlin.backend.jvm.codegen.ExpressionCodegen.visitContainerExpression(ExpressionCodegen.kt:131)
	at org.jetbrains.kotlin.ir.visitors.IrVisitor.visitBlock(IrVisitor.kt:125)
	at org.jetbrains.kotlin.backend.jvm.codegen.ExpressionCodegen.visitBlock(ExpressionCodegen.kt:424)
	at org.jetbrains.kotlin.backend.jvm.codegen.ExpressionCodegen.visitBlock(ExpressionCodegen.kt:131)
	at org.jetbrains.kotlin.ir.expressions.IrBlock.accept(IrBlock.kt:18)
	at org.jetbrains.kotlin.backend.jvm.codegen.ExpressionCodegen.visitWhen(ExpressionCodegen.kt:1048)
	at org.jetbrains.kotlin.backend.jvm.codegen.ExpressionCodegen.visitWhen(ExpressionCodegen.kt:131)
	at org.jetbrains.kotlin.ir.expressions.IrWhen.accept(IrWhen.kt:24)
	at org.jetbrains.kotlin.backend.jvm.codegen.ExpressionCodegen.visitStatementContainer(ExpressionCodegen.kt:484)
	at org.jetbrains.kotlin.backend.jvm.codegen.ExpressionCodegen.visitBlockBody(ExpressionCodegen.kt:489)
	at org.jetbrains.kotlin.backend.jvm.codegen.ExpressionCodegen.visitBlockBody(ExpressionCodegen.kt:131)
	at org.jetbrains.kotlin.ir.expressions.IrBlockBody.accept(IrBlockBody.kt:20)
	at org.jetbrains.kotlin.backend.jvm.codegen.ExpressionCodegen.generate(ExpressionCodegen.kt:231)
	at org.jetbrains.kotlin.backend.jvm.codegen.FunctionCodegen.doGenerate(FunctionCodegen.kt:135)
	at org.jetbrains.kotlin.backend.jvm.codegen.FunctionCodegen.generate(FunctionCodegen.kt:55)
	... 40 more


